// Jest Snapshot v1, https://goo.gl/fbAQLP

exports[`renders correctly 1`] = `
<div
  className="button"
>
  <button
    className="button__button test-style"
    onClick={[Function]}
  >
    Test Button
  </button>
</div>
`;
