// Jest Snapshot v1, https://goo.gl/fbAQLP

exports[`HeaderText renders correctly 1`] = `
<div
  className="style undefined"
  onClick={[Function]}
>
  word
</div>
`;
